current directory: /home/podshara/work/new_website/vendor/bundle/ruby/3.4.0/gems/json-2.16.0/ext/json/ext/parser
/home/podshara/.asdf/installs/ruby/3.4.1/bin/ruby extconf.rb
checking for rb_enc_interned_str() in ruby/encoding.h... yes
checking for rb_str_to_interned_str() in ruby.h... yes
checking for rb_hash_new_capa() in ruby.h... yes
checking for rb_hash_bulk_insert() in ruby.h... yes
checking for strnlen() in string.h... yes
checking for whether -std=c99 is accepted as CFLAGS... yes
checking for x86intrin.h... yes
checking for cpuid.h... yes
creating Makefile

current directory: /home/podshara/work/new_website/vendor/bundle/ruby/3.4.0/gems/json-2.16.0/ext/json/ext/parser
make DESTDIR\= sitearchdir\=./.gem.20251117-1235192-xv5sn9 sitelibdir\=./.gem.20251117-1235192-xv5sn9 clean

current directory: /home/podshara/work/new_website/vendor/bundle/ruby/3.4.0/gems/json-2.16.0/ext/json/ext/parser
make DESTDIR\= sitearchdir\=./.gem.20251117-1235192-xv5sn9 sitelibdir\=./.gem.20251117-1235192-xv5sn9
compiling parser.c
linking shared-object json/ext/parser.so

current directory: /home/podshara/work/new_website/vendor/bundle/ruby/3.4.0/gems/json-2.16.0/ext/json/ext/parser
make DESTDIR\= sitearchdir\=./.gem.20251117-1235192-xv5sn9 sitelibdir\=./.gem.20251117-1235192-xv5sn9 install
/usr/bin/install -c -m 0755 parser.so ./.gem.20251117-1235192-xv5sn9/json/ext

current directory: /home/podshara/work/new_website/vendor/bundle/ruby/3.4.0/gems/json-2.16.0/ext/json/ext/parser
make DESTDIR\= sitearchdir\=./.gem.20251117-1235192-xv5sn9 sitelibdir\=./.gem.20251117-1235192-xv5sn9 clean
